15:00:15 **** Incremental Build of configuration Debug for project BINKY ****
make -j12 all 
arm-none-eabi-gcc "../Core/Src/main.c" -mcpu=cortex-m3 -std=gnu11 -g3 -DDEBUG -DUSE_HAL_DRIVER -DSTM32F103xB -c -I../Core/Inc -I../Drivers/STM32F1xx_HAL_Driver/Inc/Legacy -I../Drivers/STM32F1xx_HAL_Driver/Inc -I../Drivers/CMSIS/Device/ST/STM32F1xx/Include -I../Drivers/CMSIS/Include -O0 -ffunction-sections -fdata-sections -Wall -fstack-usage -fcyclomatic-complexity -MMD -MP -MF"Core/Src/main.d" -MT"Core/Src/main.o" --specs=nano.specs -mfloat-abi=soft -mthumb -o "Core/Src/main.o"
arm-none-eabi-gcc -o "BINKY.elf" @"objects.list"   -mcpu=cortex-m3 -T"D:\GIT\LAB1\BINKY\STM32F103C8TX_FLASH.ld" --specs=nosys.specs -Wl,-Map="BINKY.map" -Wl,--gc-sections -static --specs=nano.specs -mfloat-abi=soft -mthumb -Wl,--start-group -lc -lm -Wl,--end-group
Finished building target: BINKY.elf
 
arm-none-eabi-size  BINKY.elf 
arm-none-eabi-objdump -h -S BINKY.elf  > "BINKY.list"
arm-none-eabi-objcopy  -O ihex BINKY.elf  "BINKY.hex"
   text	   data	    bss	    dec	    hex	filename
   4656	     12	   1572	   6240	   1860	BINKY.elf
arm-none-eabi-objcopy  -O binary BINKY.elf  "BINKY.bin"
Finished building: default.size.stdout
 
Finished building: BINKY.hex
Finished building: BINKY.bin
 
Finished building: BINKY.list
 
 

15:00:15 Build Finished. 0 errors, 0 warnings. (took 380ms)

